// Jest Snapshot v1, https://goo.gl/fbAQLP

exports[`Integration tests for CurrencyConversion component Checks if CurrencyList renders correctly after async API consumption 1`] = `
<div>
  <section
    className="sectionHeader"
  >
    <div
      className="sectionHeaderImgWrapper"
    >
      <img
        alt="currency icon"
        className="sectionHeaderImg"
        src="svg-mock"
      />
    </div>
    <div
      className="sectionHeaderContentWrapper"
    >
      <h1>
        A$ 0.5966
      </h1>
      <p>
        Australian Dollar
      </p>
      <p>
        $0.9452 euro
      </p>
    </div>
  </section>
  <div
    className="separator"
  >
    CONVERSION RATES
  </div>
  <div
    className="conversionElementWrapper"
  >
    <div
      className="currencyConversionElementWrapper"
    >
      <div>
        EUR
      </div>
      <p
        className="currencyConversion"
      >
        € 0.5966
      </p>
      <img
        alt="enter currency conversion button"
        className="conversionArrowImg"
        src="svg-mock"
      />
    </div>
  </div>
  <div
    className="conversionElementWrapper"
  >
    <div
      className="currencyConversionElementWrapper"
    >
      <div>
        USD
      </div>
      <p
        className="currencyConversion"
      >
        $ 0.6311
      </p>
      <img
        alt="enter currency conversion button"
        className="conversionArrowImg"
        src="svg-mock"
      />
    </div>
  </div>
</div>
`;

exports[`Integration tests for CurrencyConversion component Checks if loading screen in CurrencyConversion renders correctly 1`] = `
<div>
  Currencies loading...
</div>
`;
