// Jest Snapshot v1, https://goo.gl/fbAQLP

exports[`should render CurrencyHistoryElement 1`] = `
<div
  className="currencyHistoryElementWrapper"
>
  <div>
    2023
  </div>
  <p
    className="currencyConversion"
  >
    GBP 1.65 = EUR 1
  </p>
  <img
    alt="enter currency history button"
    className="historyArrowImg"
    src="arrow-right.svg"
  />
</div>
`;
