// Jest Snapshot v1, https://goo.gl/fbAQLP

exports[`Integration test for searchBar component SearchBar is displayed correctly 1`] = `
<div
  className="searchBarWrapper show"
>
  <input
    className="searchBar"
    onChange={[Function]}
    placeholder="Search currency code (E.g. USD)"
    type="search"
    value=""
  />
  <button
    className="closeBtn"
    onClick={[Function]}
    type="button"
  >
    <img
      alt="closeBtn icon"
      className="closeBtnImg"
      src="svg-mock"
    />
  </button>
</div>
`;
